SWA
SWA>enable
SWA#conf t
Enter configuration commands, one per line.  End with CNTL/Z.
SWA(config)#vlan 10
SWA(config-vlan)#name Admin
SWA(config-vlan)#vlan 20
SWA(config-vlan)#name Accounts
SWA(config-vlan)#vlan 30
SWA(config-vlan)#name HR
SWA(config-vlan)#vlan 40
SWA(config-vlan)#name Voice
SWA(config-vlan)#vlan 99
SWA(config-vlan)#name Management
SWA(config-vlan)#vlan 100
SWA(config-vlan)#name Native
SWA(config-vlan)#

SWA>enable
SWA#conf t
Enter configuration commands, one per line.  End with CNTL/Z.
SWA(config)#int vlan 99
SWA(config-if)#ip address 192.168.99.252 255.255.255.0
SWA(config-if)#
SWA(config-if)#END
SWA#
%SYS-5-CONFIG_I: Configured from console by console

SWA#ENABLE
SWA#conf t
Enter configuration commands, one per line.  End with CNTL/Z.
SWA(config)#int g0/1
SWA(config-if)#switchport mode trunk
SWA(config-if)#switchport nonegotiate
SWA(config-if)#switchport trunk native vlan 100
SWA(config-if)#
SWA(config-if)#exit
SWA(config)#int g0/2
SWA(config-if)#switchport mode dynamic desirable
SWA(config-if)#switchport trunk native vlan 100
SWA(config-if)#

SWB
SWB#enable
SWB#conf t
Enter configuration commands, one per line.  End with CNTL/Z.
SWB(config)#vlan 10
SWB(config-vlan)#name Admin
SWB(config-vlan)#vlan 20
SWB(config-vlan)#name Accounts
SWB(config-vlan)#vlan 30
SWB(config-vlan)#name HR
SWB(config-vlan)#vlan 40
SWB(config-vlan)#name Voice
SWB(config-vlan)#vlan 99
SWB(config-vlan)#name Management
SWB(config-vlan)#vlan 100
SWB(config-vlan)#name Native
SWB(config-vlan)#
SWB(config-vlan)#EXIT
SWB(config)#int f0/1
SWB(config-if)#switchport mode access
SWB(config-if)#switchport access vlan 10
SWB(config-if)#exit
SWB(config)#int f0/2
SWB(config-if)#switchport mode access
SWB(config-if)#switchport access vlan 20
SWB(config-if)#exit
SWB(config)#int f0/3
SWB(config-if)#switchport mode access
SWB(config-if)#switchport access vlan 30
SWB(config-if)#exit
SWB(config)#
SWB>enable
SWB#conf t
Enter configuration commands, one per line.  End with CNTL/Z.
SWB(config)#int vlan 99
SWB(config-if)#ip address 192.168.99.253 255.255.255.0
SWB(config-if)#
SWB(config-if)#end
SWB#
%SYS-5-CONFIG_I: Configured from console by console

SWB#ping 192.168.99.252

Type escape sequence to abort.
Sending 5, 100-byte ICMP Echos to 192.168.99.252, timeout is 2 seconds:
..!!!
Success rate is 60 percent (3/5), round-trip min/avg/max = 0/0/0 ms

SWB#ping 192.168.99.252

Type escape sequence to abort.
Sending 5, 100-byte ICMP Echos to 192.168.99.252, timeout is 2 seconds:
!!!!!
Success rate is 100 percent (5/5), round-trip min/avg/max = 0/0/3 ms

SWB#conf t
Enter configuration commands, one per line.  End with CNTL/Z.
SWB(config)#int g0/1
SWB(config-if)#switchport mode trunk
SWB(config-if)#
SWB(config-if)#switchport nonegotiate
SWB(config-if)#switchport trunk native vlan 100
SWB(config-if)#
SWB(config-if)#

SWC
SWC>enable
SWC#conf t
Enter configuration commands, one per line.  End with CNTL/Z.
SWC(config)#vlan 10
SWC(config-vlan)#name Admin
SWC(config-vlan)#vlan 20
SWC(config-vlan)#name Accounts
SWC(config-vlan)#vlan 30
SWC(config-vlan)#name HR
SWC(config-vlan)#vlan 40
SWC(config-vlan)#name Voice
SWC(config-vlan)#vlan 99
SWC(config-vlan)#name Management
SWC(config-vlan)#vlan 100
SWC(config-vlan)#name Native
SWC(config-vlan)#
SWC(config-vlan)#exit
SWC(config)#int f0/1
SWC(config-if)#switchport mode access
SWC(config-if)#switchport access vlan 10
SWC(config-if)#exit
SWC(config)#int f0/2
SWC(config-if)#switchport mode access
SWC(config-if)#switchport access vlan 20
SWC(config-if)#exit
SWC(config)#int f0/3
SWC(config-if)#switchport mode access
SWC(config-if)#switchport access vlan 30
SWC(config-if)#exit
SWC(config)#int f0/4
SWC(config-if)#switchport mode access
SWC(config-if)#switchport access vlan 10
SWC(config-if)#switchport voice vlan 40
SWC(config-if)#mls qos ?
  cos    cos keyword
  trust  trust keyword
SWC(config-if)#mls qos cos
% Incomplete command.
SWC(config-if)#mls qos cos ?
  <0-7>  class of service value between 0 and 7
SWC(config-if)#mls qos cos 5
SWC(config-if)#
SWC(config-if)#exit
SWC(config)#int vlan 99
SWC(config-if)#ip address 192.168.99.254 255.255.255.0
SWC(config-if)#

SWC>enable
SWC#conf t
Enter configuration commands, one per line.  End with CNTL/Z.
SWC(config)#int g0/2
SWC(config-if)#switchport trunk native vlan 100
SWC(config-if)#
